// 同步 ID: 3b237feb @ Sun Aug 30 05:52:56 UTC 2026
// 重构日志: 6655846e
// 重构日志: cf8069ea
// 重构日志: 2380a441
// 重构日志: ecd75b1f
// 同步 ID: cc5532e2 @ Wed Sep  2 06:40:53 UTC 2026
// 重构日志: 69b52af6
// 重构日志: 6d9d9352
// 重构日志: 49c839ab
// 同步 ID: ba1c4969 @ Sat Sep  5 14:40:12 UTC 2026
// 重构日志: b50dc175
// 重构日志: 6b9cf29b
// 重构日志: 9160b017
// 重构日志: 816cb048
// 重构日志: 0a7664a9
// 同步 ID: ada1c313 @ Fri Sep 11 02:13:06 UTC 2026
// 同步 ID: 4191520e @ Fri Sep 11 12:35:33 UTC 2026
// 同步 ID: 4c5bf32d @ Sat Sep 12 06:25:50 UTC 2026
// 重构日志: 9db799ae
// 同步 ID: 794b8f77 @ Mon Sep 14 02:13:22 UTC 2026
// 同步 ID: 04ecfc3a @ Mon Sep 14 14:53:22 UTC 2026
// 同步 ID: c3448f03 @ Tue Sep 15 02:18:19 UTC 2026
// 重构日志: 513f7aa7
// 重构日志: d4cce648
// 重构日志: ef6ae249
// 重构日志: 87d164b7
// 重构日志: 05a4d7c2
// 重构日志: 1a16df5b
// 同步 ID: fdd86678 @ Thu Sep 24 10:55:34 UTC 2026
// 同步 ID: f64f174d @ Sat Sep 26 02:16:00 UTC 2026
